  Determining projects to restore...
  All projects are up-to-date for restore.
C:\Users\Mikey\Desktop\Web Dev\swarm\UI\DiffCompareDialog.xaml.cs(15,73): error CS0104: 'Color' is an ambiguous reference between 'System.Drawing.Color' and 'System.Windows.Media.Color' [C:\Users\Mikey\Desktop\Web Dev\swarm\Swarm.csproj]
C:\Users\Mikey\Desktop\Web Dev\swarm\UI\DiffCompareDialog.xaml.cs(16,75): error CS0104: 'Color' is an ambiguous reference between 'System.Drawing.Color' and 'System.Windows.Media.Color' [C:\Users\Mikey\Desktop\Web Dev\swarm\Swarm.csproj]
C:\Users\Mikey\Desktop\Web Dev\swarm\UI\DiffCompareDialog.xaml.cs(17,76): error CS0104: 'Color' is an ambiguous reference between 'System.Drawing.Color' and 'System.Windows.Media.Color' [C:\Users\Mikey\Desktop\Web Dev\swarm\Swarm.csproj]
C:\Users\Mikey\Desktop\Web Dev\swarm\UI\DiffCompareDialog.xaml.cs(18,57): error CS0104: 'Brushes' is an ambiguous reference between 'System.Drawing.Brushes' and 'System.Windows.Media.Brushes' [C:\Users\Mikey\Desktop\Web Dev\swarm\Swarm.csproj]
C:\Users\Mikey\Desktop\Web Dev\swarm\UI\DiffCompareDialog.xaml.cs(20,73): error CS0104: 'Color' is an ambiguous reference between 'System.Drawing.Color' and 'System.Windows.Media.Color' [C:\Users\Mikey\Desktop\Web Dev\swarm\Swarm.csproj]
C:\Users\Mikey\Desktop\Web Dev\swarm\UI\DiffCompareDialog.xaml.cs(21,75): error CS0104: 'Color' is an ambiguous reference between 'System.Drawing.Color' and 'System.Windows.Media.Color' [C:\Users\Mikey\Desktop\Web Dev\swarm\Swarm.csproj]
C:\Users\Mikey\Desktop\Web Dev\swarm\UI\DiffCompareDialog.xaml.cs(22,76): error CS0104: 'Color' is an ambiguous reference between 'System.Drawing.Color' and 'System.Windows.Media.Color' [C:\Users\Mikey\Desktop\Web Dev\swarm\Swarm.csproj]
C:\Users\Mikey\Desktop\Web Dev\swarm\UI\DiffCompareDialog.xaml.cs(23,77): error CS0104: 'Color' is an ambiguous reference between 'System.Drawing.Color' and 'System.Windows.Media.Color' [C:\Users\Mikey\Desktop\Web Dev\swarm\Swarm.csproj]
C:\Users\Mikey\Desktop\Web Dev\swarm\UI\DiffCompareDialog.xaml.cs(105,45): error CS0104: 'Brushes' is an ambiguous reference between 'System.Drawing.Brushes' and 'System.Windows.Media.Brushes' [C:\Users\Mikey\Desktop\Web Dev\swarm\Swarm.csproj]
C:\Users\Mikey\Desktop\Web Dev\swarm\UI\DiffCompareDialog.xaml.cs(106,45): error CS0104: 'Brushes' is an ambiguous reference between 'System.Drawing.Brushes' and 'System.Windows.Media.Brushes' [C:\Users\Mikey\Desktop\Web Dev\swarm\Swarm.csproj]
C:\Users\Mikey\Desktop\Web Dev\swarm\UI\IntegrityResultDialog.xaml.cs(54,55): error CS0104: 'Color' is an ambiguous reference between 'System.Drawing.Color' and 'System.Windows.Media.Color' [C:\Users\Mikey\Desktop\Web Dev\swarm\Swarm.csproj]
C:\Users\Mikey\Desktop\Web Dev\swarm\UI\IntegrityResultDialog.xaml.cs(56,47): error CS0104: 'Color' is an ambiguous reference between 'System.Drawing.Color' and 'System.Windows.Media.Color' [C:\Users\Mikey\Desktop\Web Dev\swarm\Swarm.csproj]
C:\Users\Mikey\Desktop\Web Dev\swarm\UI\IntegrityResultDialog.xaml.cs(62,55): error CS0104: 'Color' is an ambiguous reference between 'System.Drawing.Color' and 'System.Windows.Media.Color' [C:\Users\Mikey\Desktop\Web Dev\swarm\Swarm.csproj]
C:\Users\Mikey\Desktop\Web Dev\swarm\UI\IntegrityResultDialog.xaml.cs(64,47): error CS0104: 'Color' is an ambiguous reference between 'System.Drawing.Color' and 'System.Windows.Media.Color' [C:\Users\Mikey\Desktop\Web Dev\swarm\Swarm.csproj]
C:\Users\Mikey\Desktop\Web Dev\swarm\UI\IntegrityResultDialog.xaml.cs(72,55): error CS0104: 'Color' is an ambiguous reference between 'System.Drawing.Color' and 'System.Windows.Media.Color' [C:\Users\Mikey\Desktop\Web Dev\swarm\Swarm.csproj]
C:\Users\Mikey\Desktop\Web Dev\swarm\UI\IntegrityResultDialog.xaml.cs(74,47): error CS0104: 'Color' is an ambiguous reference between 'System.Drawing.Color' and 'System.Windows.Media.Color' [C:\Users\Mikey\Desktop\Web Dev\swarm\Swarm.csproj]
C:\Users\Mikey\Desktop\Web Dev\swarm\Core\TransferService.cs(163,69): error CS0117: 'ProtocolConstants' does not contain a definition for 'MAX_PARALLEL_CONNECTIONS' [C:\Users\Mikey\Desktop\Web Dev\swarm\Swarm.csproj]
C:\Users\Mikey\Desktop\Web Dev\swarm\Core\TransferService.cs(918,44): error CS0246: The type or namespace name 'BrotliStream' could not be found (are you missing a using directive or an assembly reference?) [C:\Users\Mikey\Desktop\Web Dev\swarm\Swarm.csproj]
C:\Users\Mikey\Desktop\Web Dev\swarm\Core\TransferService.cs(918,75): error CS0103: The name 'CompressionMode' does not exist in the current context [C:\Users\Mikey\Desktop\Web Dev\swarm\Swarm.csproj]
C:\Users\Mikey\Desktop\Web Dev\swarm\Core\TransferService.cs(1221,61): error CS0117: 'ProtocolConstants' does not contain a definition for 'MAX_PARALLEL_CONNECTIONS' [C:\Users\Mikey\Desktop\Web Dev\swarm\Swarm.csproj]
C:\Users\Mikey\Desktop\Web Dev\swarm\Core\TransferService.cs(1284,52): error CS0246: The type or namespace name 'BrotliStream' could not be found (are you missing a using directive or an assembly reference?) [C:\Users\Mikey\Desktop\Web Dev\swarm\Swarm.csproj]
C:\Users\Mikey\Desktop\Web Dev\swarm\Core\TransferService.cs(1284,83): error CS0103: The name 'CompressionLevel' does not exist in the current context [C:\Users\Mikey\Desktop\Web Dev\swarm\Swarm.csproj]
C:\Users\Mikey\Desktop\Web Dev\swarm\Core\TransferService.cs(1322,46): error CS0117: 'ProtocolConstants' does not contain a definition for 'SMALL_FILE_THRESHOLD' [C:\Users\Mikey\Desktop\Web Dev\swarm\Swarm.csproj]
C:\Users\Mikey\Desktop\Web Dev\swarm\Core\TransferService.cs(1349,56): error CS0246: The type or namespace name 'BrotliStream' could not be found (are you missing a using directive or an assembly reference?) [C:\Users\Mikey\Desktop\Web Dev\swarm\Swarm.csproj]
C:\Users\Mikey\Desktop\Web Dev\swarm\Core\TransferService.cs(1349,87): error CS0103: The name 'CompressionLevel' does not exist in the current context [C:\Users\Mikey\Desktop\Web Dev\swarm\Swarm.csproj]

Build FAILED.

C:\Users\Mikey\Desktop\Web Dev\swarm\UI\DiffCompareDialog.xaml.cs(15,73): error CS0104: 'Color' is an ambiguous reference between 'System.Drawing.Color' and 'System.Windows.Media.Color' [C:\Users\Mikey\Desktop\Web Dev\swarm\Swarm.csproj]
C:\Users\Mikey\Desktop\Web Dev\swarm\UI\DiffCompareDialog.xaml.cs(16,75): error CS0104: 'Color' is an ambiguous reference between 'System.Drawing.Color' and 'System.Windows.Media.Color' [C:\Users\Mikey\Desktop\Web Dev\swarm\Swarm.csproj]
C:\Users\Mikey\Desktop\Web Dev\swarm\UI\DiffCompareDialog.xaml.cs(17,76): error CS0104: 'Color' is an ambiguous reference between 'System.Drawing.Color' and 'System.Windows.Media.Color' [C:\Users\Mikey\Desktop\Web Dev\swarm\Swarm.csproj]
C:\Users\Mikey\Desktop\Web Dev\swarm\UI\DiffCompareDialog.xaml.cs(18,57): error CS0104: 'Brushes' is an ambiguous reference between 'System.Drawing.Brushes' and 'System.Windows.Media.Brushes' [C:\Users\Mikey\Desktop\Web Dev\swarm\Swarm.csproj]
C:\Users\Mikey\Desktop\Web Dev\swarm\UI\DiffCompareDialog.xaml.cs(20,73): error CS0104: 'Color' is an ambiguous reference between 'System.Drawing.Color' and 'System.Windows.Media.Color' [C:\Users\Mikey\Desktop\Web Dev\swarm\Swarm.csproj]
C:\Users\Mikey\Desktop\Web Dev\swarm\UI\DiffCompareDialog.xaml.cs(21,75): error CS0104: 'Color' is an ambiguous reference between 'System.Drawing.Color' and 'System.Windows.Media.Color' [C:\Users\Mikey\Desktop\Web Dev\swarm\Swarm.csproj]
C:\Users\Mikey\Desktop\Web Dev\swarm\UI\DiffCompareDialog.xaml.cs(22,76): error CS0104: 'Color' is an ambiguous reference between 'System.Drawing.Color' and 'System.Windows.Media.Color' [C:\Users\Mikey\Desktop\Web Dev\swarm\Swarm.csproj]
C:\Users\Mikey\Desktop\Web Dev\swarm\UI\DiffCompareDialog.xaml.cs(23,77): error CS0104: 'Color' is an ambiguous reference between 'System.Drawing.Color' and 'System.Windows.Media.Color' [C:\Users\Mikey\Desktop\Web Dev\swarm\Swarm.csproj]
C:\Users\Mikey\Desktop\Web Dev\swarm\UI\DiffCompareDialog.xaml.cs(105,45): error CS0104: 'Brushes' is an ambiguous reference between 'System.Drawing.Brushes' and 'System.Windows.Media.Brushes' [C:\Users\Mikey\Desktop\Web Dev\swarm\Swarm.csproj]
C:\Users\Mikey\Desktop\Web Dev\swarm\UI\DiffCompareDialog.xaml.cs(106,45): error CS0104: 'Brushes' is an ambiguous reference between 'System.Drawing.Brushes' and 'System.Windows.Media.Brushes' [C:\Users\Mikey\Desktop\Web Dev\swarm\Swarm.csproj]
C:\Users\Mikey\Desktop\Web Dev\swarm\UI\IntegrityResultDialog.xaml.cs(54,55): error CS0104: 'Color' is an ambiguous reference between 'System.Drawing.Color' and 'System.Windows.Media.Color' [C:\Users\Mikey\Desktop\Web Dev\swarm\Swarm.csproj]
C:\Users\Mikey\Desktop\Web Dev\swarm\UI\IntegrityResultDialog.xaml.cs(56,47): error CS0104: 'Color' is an ambiguous reference between 'System.Drawing.Color' and 'System.Windows.Media.Color' [C:\Users\Mikey\Desktop\Web Dev\swarm\Swarm.csproj]
C:\Users\Mikey\Desktop\Web Dev\swarm\UI\IntegrityResultDialog.xaml.cs(62,55): error CS0104: 'Color' is an ambiguous reference between 'System.Drawing.Color' and 'System.Windows.Media.Color' [C:\Users\Mikey\Desktop\Web Dev\swarm\Swarm.csproj]
C:\Users\Mikey\Desktop\Web Dev\swarm\UI\IntegrityResultDialog.xaml.cs(64,47): error CS0104: 'Color' is an ambiguous reference between 'System.Drawing.Color' and 'System.Windows.Media.Color' [C:\Users\Mikey\Desktop\Web Dev\swarm\Swarm.csproj]
C:\Users\Mikey\Desktop\Web Dev\swarm\UI\IntegrityResultDialog.xaml.cs(72,55): error CS0104: 'Color' is an ambiguous reference between 'System.Drawing.Color' and 'System.Windows.Media.Color' [C:\Users\Mikey\Desktop\Web Dev\swarm\Swarm.csproj]
C:\Users\Mikey\Desktop\Web Dev\swarm\UI\IntegrityResultDialog.xaml.cs(74,47): error CS0104: 'Color' is an ambiguous reference between 'System.Drawing.Color' and 'System.Windows.Media.Color' [C:\Users\Mikey\Desktop\Web Dev\swarm\Swarm.csproj]
C:\Users\Mikey\Desktop\Web Dev\swarm\Core\TransferService.cs(163,69): error CS0117: 'ProtocolConstants' does not contain a definition for 'MAX_PARALLEL_CONNECTIONS' [C:\Users\Mikey\Desktop\Web Dev\swarm\Swarm.csproj]
C:\Users\Mikey\Desktop\Web Dev\swarm\Core\TransferService.cs(918,44): error CS0246: The type or namespace name 'BrotliStream' could not be found (are you missing a using directive or an assembly reference?) [C:\Users\Mikey\Desktop\Web Dev\swarm\Swarm.csproj]
C:\Users\Mikey\Desktop\Web Dev\swarm\Core\TransferService.cs(918,75): error CS0103: The name 'CompressionMode' does not exist in the current context [C:\Users\Mikey\Desktop\Web Dev\swarm\Swarm.csproj]
C:\Users\Mikey\Desktop\Web Dev\swarm\Core\TransferService.cs(1221,61): error CS0117: 'ProtocolConstants' does not contain a definition for 'MAX_PARALLEL_CONNECTIONS' [C:\Users\Mikey\Desktop\Web Dev\swarm\Swarm.csproj]
C:\Users\Mikey\Desktop\Web Dev\swarm\Core\TransferService.cs(1284,52): error CS0246: The type or namespace name 'BrotliStream' could not be found (are you missing a using directive or an assembly reference?) [C:\Users\Mikey\Desktop\Web Dev\swarm\Swarm.csproj]
C:\Users\Mikey\Desktop\Web Dev\swarm\Core\TransferService.cs(1284,83): error CS0103: The name 'CompressionLevel' does not exist in the current context [C:\Users\Mikey\Desktop\Web Dev\swarm\Swarm.csproj]
C:\Users\Mikey\Desktop\Web Dev\swarm\Core\TransferService.cs(1322,46): error CS0117: 'ProtocolConstants' does not contain a definition for 'SMALL_FILE_THRESHOLD' [C:\Users\Mikey\Desktop\Web Dev\swarm\Swarm.csproj]
C:\Users\Mikey\Desktop\Web Dev\swarm\Core\TransferService.cs(1349,56): error CS0246: The type or namespace name 'BrotliStream' could not be found (are you missing a using directive or an assembly reference?) [C:\Users\Mikey\Desktop\Web Dev\swarm\Swarm.csproj]
C:\Users\Mikey\Desktop\Web Dev\swarm\Core\TransferService.cs(1349,87): error CS0103: The name 'CompressionLevel' does not exist in the current context [C:\Users\Mikey\Desktop\Web Dev\swarm\Swarm.csproj]
    0 Warning(s)
    25 Error(s)

Time Elapsed 00:00:01.70
