  Determining projects to restore...
  All projects are up-to-date for restore.
  Swarm.Core -> C:\Users\Mikey\Desktop\Web Dev\swarm\Swarm.Core\bin\Debug\net9.0\Swarm.Core.dll
  Swarm.Avalonia -> C:\Users\Mikey\Desktop\Web Dev\swarm\Swarm.Avalonia\bin\Debug\net9.0\Swarm.dll

Build succeeded.
    0 Warning(s)
    0 Error(s)

Time Elapsed 00:00:11.07
